Bash
Mash
Cash
